(echo 12 | (cat) > file1) > file2
(echo 1 && echo 2 | echo 3) > file1
